// Jest Snapshot v1, https://goo.gl/fbAQLP

exports[`edit user Check snapshot 1`] = `
<div
  class="wrap-main"
>
  <deleteusers-stub />
   
  <div
    class="header"
  >
    <div
      class="tab"
    >
      <svg
        fill="none"
        height="29"
        viewBox="20 15 30 30"
        width="33"
        xmlns="http://www.w3.org/2000/svg"
      >
        <rect
          fill="#17212B"
          height="29"
          rx="8"
          width="33"
          x="17"
          y="16"
        />
         
        <mask
          fill="white"
          id="path-2-inside-1"
        >
          <path
            clip-rule="evenodd"
            d="M45.9469 39.0923C45.9469 39.6852 45.4293 40.1663 44.789 40.1663C44.1486 40.1663 43.6311 39.6852 43.6311 39.0923C43.6311 36.1311 41.0339 33.7219 37.8416 33.7219C34.6493 33.7219 32.0521 36.1311 32.0521 39.0923C32.0521 39.6852 31.5345 40.1663 30.8942 40.1663C30.2539 40.1663 29.7363 39.6852 29.7363 39.0923C29.7363 34.9464 33.3733 31.5738 37.8416 31.5738C42.3099 31.5738 45.9469 34.9464 45.9469 39.0923ZM37.8416 23.25C39.1187 23.25 40.1574 24.3339 40.1574 25.6667C40.1574 26.9995 39.1187 28.0833 37.8416 28.0833C36.5644 28.0833 35.5258 26.9995 35.5258 25.6667C35.5258 24.3339 36.5644 23.25 37.8416 23.25ZM37.8425 30.5007C40.3968 30.5007 42.4741 28.3329 42.4741 25.6673C42.4741 23.0017 40.3968 20.834 37.8425 20.834C35.2882 20.834 33.2109 23.0017 33.2109 25.6673C33.2109 28.3329 35.2882 30.5007 37.8425 30.5007Z"
            fill-rule="evenodd"
          />
        </mask>
         
        <path
          clip-rule="evenodd"
          d="M45.9469 39.0923C45.9469 39.6852 45.4293 40.1663 44.789 40.1663C44.1486 40.1663 43.6311 39.6852 43.6311 39.0923C43.6311 36.1311 41.0339 33.7219 37.8416 33.7219C34.6493 33.7219 32.0521 36.1311 32.0521 39.0923C32.0521 39.6852 31.5345 40.1663 30.8942 40.1663C30.2539 40.1663 29.7363 39.6852 29.7363 39.0923C29.7363 34.9464 33.3733 31.5738 37.8416 31.5738C42.3099 31.5738 45.9469 34.9464 45.9469 39.0923ZM37.8416 23.25C39.1187 23.25 40.1574 24.3339 40.1574 25.6667C40.1574 26.9995 39.1187 28.0833 37.8416 28.0833C36.5644 28.0833 35.5258 26.9995 35.5258 25.6667C35.5258 24.3339 36.5644 23.25 37.8416 23.25ZM37.8425 30.5007C40.3968 30.5007 42.4741 28.3329 42.4741 25.6673C42.4741 23.0017 40.3968 20.834 37.8425 20.834C35.2882 20.834 33.2109 23.0017 33.2109 25.6673C33.2109 28.3329 35.2882 30.5007 37.8425 30.5007Z"
          fill="#276899"
          fill-rule="evenodd"
        />
         
        <path
          d="M43.9469 39.0923C43.9469 38.4429 44.4676 38.1663 44.789 38.1663V42.1663C46.391 42.1663 47.9469 40.9274 47.9469 39.0923H43.9469ZM44.789 38.1663C45.1104 38.1663 45.6311 38.4429 45.6311 39.0923H41.6311C41.6311 40.9274 43.1869 42.1663 44.789 42.1663V38.1663ZM45.6311 39.0923C45.6311 34.8876 41.9943 31.7219 37.8416 31.7219V35.7219C40.0735 35.7219 41.6311 37.3745 41.6311 39.0923H45.6311ZM37.8416 31.7219C33.6889 31.7219 30.0521 34.8876 30.0521 39.0923H34.0521C34.0521 37.3745 35.6096 35.7219 37.8416 35.7219V31.7219ZM30.0521 39.0923C30.0521 38.4429 30.5728 38.1663 30.8942 38.1663V42.1663C32.4963 42.1663 34.0521 40.9274 34.0521 39.0923H30.0521ZM30.8942 38.1663C31.2156 38.1663 31.7363 38.4429 31.7363 39.0923H27.7363C27.7363 40.9274 29.2922 42.1663 30.8942 42.1663V38.1663ZM31.7363 39.0923C31.7363 36.19 34.3335 33.5738 37.8416 33.5738V29.5738C32.4131 29.5738 27.7363 33.7027 27.7363 39.0923H31.7363ZM37.8416 33.5738C41.3497 33.5738 43.9469 36.19 43.9469 39.0923H47.9469C47.9469 33.7027 43.2701 29.5738 37.8416 29.5738V33.5738ZM37.8416 25.25C37.8982 25.25 37.9661 25.271 38.0344 25.3423C38.104 25.415 38.1574 25.5261 38.1574 25.6667H42.1574C42.1574 23.3105 40.3028 21.25 37.8416 21.25V25.25ZM38.1574 25.6667C38.1574 25.8072 38.104 25.9184 38.0344 25.991C37.9661 26.0623 37.8982 26.0833 37.8416 26.0833V30.0833C40.3028 30.0833 42.1574 28.0228 42.1574 25.6667H38.1574ZM37.8416 26.0833C37.785 26.0833 37.7171 26.0623 37.6488 25.991C37.5792 25.9184 37.5258 25.8072 37.5258 25.6667H33.5258C33.5258 28.0228 35.3804 30.0833 37.8416 30.0833V26.0833ZM37.5258 25.6667C37.5258 25.5261 37.5792 25.415 37.6488 25.3423C37.7171 25.271 37.785 25.25 37.8416 25.25V21.25C35.3804 21.25 33.5258 23.3105 33.5258 25.6667H37.5258ZM37.8425 32.5007C41.5809 32.5007 44.4741 29.3562 44.4741 25.6673H40.4741C40.4741 27.3096 39.2127 28.5007 37.8425 28.5007V32.5007ZM44.4741 25.6673C44.4741 21.9784 41.5809 18.834 37.8425 18.834V22.834C39.2127 22.834 40.4741 24.0251 40.4741 25.6673H44.4741ZM37.8425 18.834C34.1041 18.834 31.2109 21.9784 31.2109 25.6673H35.2109C35.2109 24.0251 36.4723 22.834 37.8425 22.834V18.834ZM31.2109 25.6673C31.2109 29.3562 34.1041 32.5007 37.8425 32.5007V28.5007C36.4723 28.5007 35.2109 27.3096 35.2109 25.6673H31.2109Z"
          fill="#276899"
          mask="url(#path-2-inside-1)"
        />
         
        <path
          clip-rule="evenodd"
          d="M29.1942 30.2363H25.9376V26.8379C25.9376 26.5247 25.6944 26.2715 25.3948 26.2715C25.0952 26.2715 24.8521 26.5247 24.8521 26.8379V30.2363H21.5955C21.2959 30.2363 21.0527 30.4895 21.0527 30.8027C21.0527 31.116 21.2959 31.3691 21.5955 31.3691H24.8521V34.7676C24.8521 35.0808 25.0952 35.334 25.3948 35.334C25.6944 35.334 25.9376 35.0808 25.9376 34.7676V31.3691H29.1942C29.4938 31.3691 29.7369 31.116 29.7369 30.8027C29.7369 30.4895 29.4938 30.2363 29.1942 30.2363Z"
          fill="#276899"
          fill-rule="evenodd"
        />
         
        <defs>
          <filter
            color-interpolation-filters="sRGB"
            filterUnits="userSpaceOnUse"
            height="61"
            id="filter0_d"
            width="65"
            x="0"
            y="0"
          >
            <feflood
              flood-opacity="0"
              result="BackgroundImageFix"
            />
             
            <fecolormatrix
              in="SourceAlpha"
              type="matrix"
              values="0 0 0 0 0 0 0 0 0 0 0 0 0 0 0 0 0 0 127 0"
            />
             
            <feoffset
              dx="-1"
            />
             
            <fegaussianblur
              stdDeviation="8"
            />
             
            <fecolormatrix
              type="matrix"
              values="0 0 0 0 0 0 0 0 0 0 0 0 0 0 0 0 0 0 0.15 0"
            />
             
            <feblend
              in2="BackgroundImageFix"
              mode="normal"
              result="effect1_dropShadow"
            />
             
            <feblend
              in="SourceGraphic"
              in2="effect1_dropShadow"
              mode="normal"
              result="shape"
            />
          </filter>
           
          <filter
            color-interpolation-filters="sRGB"
            filterUnits="userSpaceOnUse"
            height="27.3323"
            id="filter1_d"
            width="24.2105"
            x="25.7363"
            y="20.834"
          >
            <feflood
              flood-opacity="0"
              result="BackgroundImageFix"
            />
             
            <fecolormatrix
              in="SourceAlpha"
              type="matrix"
              values="0 0 0 0 0 0 0 0 0 0 0 0 0 0 0 0 0 0 127 0"
            />
             
            <feoffset
              dy="4"
            />
             
            <fegaussianblur
              stdDeviation="2"
            />
             
            <fecolormatrix
              type="matrix"
              values="0 0 0 0 0 0 0 0 0 0 0 0 0 0 0 0 0 0 0.25 0"
            />
             
            <feblend
              in2="BackgroundImageFix"
              mode="normal"
              result="effect1_dropShadow"
            />
             
            <feblend
              in="SourceGraphic"
              in2="effect1_dropShadow"
              mode="normal"
              result="shape"
            />
          </filter>
           
          <filter
            color-interpolation-filters="sRGB"
            filterUnits="userSpaceOnUse"
            height="17.0625"
            id="filter2_d"
            width="16.6842"
            x="17.0527"
            y="26.2715"
          >
            <feflood
              flood-opacity="0"
              result="BackgroundImageFix"
            />
             
            <fecolormatrix
              in="SourceAlpha"
              type="matrix"
              values="0 0 0 0 0 0 0 0 0 0 0 0 0 0 0 0 0 0 127 0"
            />
             
            <feoffset
              dy="4"
            />
             
            <fegaussianblur
              stdDeviation="2"
            />
             
            <fecolormatrix
              type="matrix"
              values="0 0 0 0 0 0 0 0 0 0 0 0 0 0 0 0 0 0 0.25 0"
            />
             
            <feblend
              in2="BackgroundImageFix"
              mode="normal"
              result="effect1_dropShadow"
            />
             
            <feblend
              in="SourceGraphic"
              in2="effect1_dropShadow"
              mode="normal"
              result="shape"
            />
          </filter>
        </defs>
      </svg>
       
      <span>
        Settings overview
      </span>
    </div>
  </div>
   
  <img
    alt="trash"
    class="trash"
    content="Delete user"
    src="../../../../assets/img/icons/trash.svg"
    width="30"
  />
   
  <div
    class="wrap-form"
  >
    <form>
      <personalinfo-stub />
       
      <agentsetup-stub />
       
      <qsettings-stub />
       
      <managersettings-stub />
       
      <div
        class="btn-container"
      >
        <button
          class="btn-submit"
          disabled="disabled"
        >
          Apply Changes
        </button>
      </div>
    </form>
  </div>
</div>
`;

exports[`personal info in editUser Check snapshot 1`] = `
<div
  class="personal-info-wrap"
>
  <div
    class="wrap-head"
  >
    <h2>
      PERSONAL INFO
    </h2>
     
    <span
      class="hr"
    />
  </div>
   
  <div
    class="wrap-body"
  >
    <fileloader-stub />
     
    <div
      class="personal-info"
    >
      <div
        class="personal-info__first-part"
      >
        <div
          class="item-container with-err"
        >
          <label>
            
            Name*
            
            <input
              class="input-field error"
              maxlength="32"
              placeholder="Enter user name"
            />
          </label>
           
          <!---->
        </div>
         
        <div
          class="item-container with-err"
        >
          <label>
            Phone
            
            <input
              class="input-field"
              maxlength="15"
              placeholder="Only digits"
              type="text"
            />
          </label>
           
          <!---->
        </div>
         
        <div
          class="item-container"
        >
          <label>
            Location
            
            <input
              class="input-field"
              placeholder="London, UK"
              type="text"
            />
          </label>
        </div>
         
        <div
          class="item-container with-err"
        >
          <label>
            Agent Number (id)*
            
            <input
              class="input-field"
              placeholder="000"
              type="text"
            />
          </label>
           
          <!---->
        </div>
         
        <div
          class="item-container with-err"
        >
          <label>
            Email
            
            <input
              class="input-field"
              maxlength="36"
              placeholder="example@voxonics.com"
              type="email"
            />
          </label>
           
          <!---->
        </div>
         
        <div
          class="item-container"
        >
          <label>
            Position
            
            <input
              class="input-field"
              maxlength="16"
              placeholder="Sales Manager"
              type="text"
            />
          </label>
        </div>
         
        <div
          class="item-container password-field"
        >
          <label>
            Password*
            
            <div
              class="icon-eye icon-eye-close"
            />
             
            <input
              class="input-field"
              placeholder="Enter password"
              type="password"
            />
          </label>
           
          <!---->
        </div>
         
        <div
          class="item-container password-field"
        >
          <label>
            Confirm*
            
            <div>
              <span
                class="icon-eye-close"
              />
            </div>
             
            <input
              class="input-field"
              placeholder="Confirm password"
              type="password"
            />
             
            <!---->
          </label>
        </div>
      </div>
    </div>
  </div>
</div>
`;
